com/yumu/noveltranslator/service/TeamTranslationService.class
com/yumu/noveltranslator/mapper/TokenBlacklistMapper.class
com/yumu/noveltranslator/controller/web/WebHomeController.class
com/yumu/noveltranslator/entity/QuotaUsage.class
com/yumu/noveltranslator/config/tenant/NovelTranslatorTenantLineHandler.class
com/yumu/noveltranslator/enums/BillingCycle.class
com/yumu/noveltranslator/security/ApiKeyAuthenticationFilter.class
com/yumu/noveltranslator/entity/ApiKey.class
com/yumu/noveltranslator/dto/TranslationResultResponse.class
com/yumu/noveltranslator/service/ApiKeyCacheService$ApiKeyFlushCallback.class
com/yumu/noveltranslator/config/MybatisPlusConfig.class
com/yumu/noveltranslator/enums/CollabProjectStatus.class
com/yumu/noveltranslator/service/DocumentEntityCache.class
com/yumu/noveltranslator/mapper/TranslationHistoryMapper.class
com/yumu/noveltranslator/enums/TranslationMode.class
com/yumu/noveltranslator/service/AiGlossaryService.class
com/yumu/noveltranslator/dto/EntityExtractionRequest.class
com/yumu/noveltranslator/entity/TranslationCache.class
com/yumu/noveltranslator/controller/collab/CollabCommentController.class
com/yumu/noveltranslator/dto/ResetPasswordRequest.class
com/yumu/noveltranslator/dto/UserQuotaResponse.class
com/yumu/noveltranslator/dto/ReaderTranslateRequest.class
com/yumu/noveltranslator/dto/GlossaryItemRequest.class
com/yumu/noveltranslator/service/ChapterSplitAsyncListener.class
com/yumu/noveltranslator/dto/Result.class
com/yumu/noveltranslator/security/SecurityConfig.class
com/yumu/noveltranslator/service/pipeline/TranslationPipeline.class
com/yumu/noveltranslator/security/SecurityPermitAllPaths.class
com/yumu/noveltranslator/dto/WebpageTranslateResponse$Translation.class
com/yumu/noveltranslator/mapper/TranslationCacheMapper.class
com/yumu/noveltranslator/dto/CheckoutSessionResponse.class
com/yumu/noveltranslator/dto/TranslationEvent$TranslationEventBuilder.class
com/yumu/noveltranslator/dto/ExternalTranslateRequest.class
com/yumu/noveltranslator/dto/UserPreferencesRequest.class
com/yumu/noveltranslator/security/annotation/RequireProjectAccess.class
com/yumu/noveltranslator/service/TranslationPostProcessingService.class
com/yumu/noveltranslator/dto/CheckoutSessionRequest.class
com/yumu/noveltranslator/service/AuthService.class
com/yumu/noveltranslator/enums/ChapterTaskStatus.class
com/yumu/noveltranslator/mapper/ApiKeyMapper.class
com/yumu/noveltranslator/service/EntityConsistencyService$1.class
com/yumu/noveltranslator/dto/EntityExtractionResponse.class
com/yumu/noveltranslator/util/TextSegmentationUtil.class
com/yumu/noveltranslator/mapper/StripeSubscriptionMapper.class
com/yumu/noveltranslator/dto/EntityTranslationResponse.class
com/yumu/noveltranslator/entity/AiGlossary.class
com/yumu/noveltranslator/dto/EntityMapping$EntityMappingBuilder.class
com/yumu/noveltranslator/entity/TranslationTask.class
com/yumu/noveltranslator/controller/web/WebGlossaryController.class
com/yumu/noveltranslator/config/StripeConfig.class
com/yumu/noveltranslator/service/MultiAgentTranslationService.class
com/yumu/noveltranslator/util/TextCleaningUtil.class
com/yumu/noveltranslator/service/ExternalTranslationService.class
com/yumu/noveltranslator/dto/CreateApiKeyRequest.class
com/yumu/noveltranslator/config/RedisConfig.class
com/yumu/noveltranslator/controller/collab/ChapterTaskController.class
com/yumu/noveltranslator/task/DraftProjectRecoveryTask.class
com/yumu/noveltranslator/service/UserService.class
com/yumu/noveltranslator/dto/CollabProjectResponse.class
com/yumu/noveltranslator/entity/ChapterEntityMap.class
com/yumu/noveltranslator/dto/TeamTranslateRequest.class
com/yumu/noveltranslator/dto/TeamTranslateResponse.class
com/yumu/noveltranslator/dto/CommentResponse.class
com/yumu/noveltranslator/service/QuotaService.class
com/yumu/noveltranslator/controller/StripeWebhookController.class
com/yumu/noveltranslator/entity/User.class
com/yumu/noveltranslator/controller/web/WebPlatformController.class
com/yumu/noveltranslator/event/CacheInvalidationEvent.class
com/yumu/noveltranslator/security/CustomUserDetails.class
com/yumu/noveltranslator/service/SubscriptionService$1.class
com/yumu/noveltranslator/enums/ErrorCodeEnum.class
com/yumu/noveltranslator/service/SubscriptionService.class
com/yumu/noveltranslator/dto/AssignChapterRequest.class
com/yumu/noveltranslator/dto/RefreshTokenRequest.class
com/yumu/noveltranslator/dto/ConsistencyTranslationResult.class
com/yumu/noveltranslator/mapper/TranslationMemoryMapper.class
com/yumu/noveltranslator/dto/ReaderTranslateResponse.class
com/yumu/noveltranslator/dto/SubmitChapterRequest.class
com/yumu/noveltranslator/properties/StripeProperties.class
com/yumu/noveltranslator/service/CollabProjectService$InviteCodeResult.class
com/yumu/noveltranslator/mapper/CollabProjectMapper.class
com/yumu/noveltranslator/service/TranslationService.class
com/yumu/noveltranslator/util/PasswordUtil.class
com/yumu/noveltranslator/controller/web/WebDocumentController.class
com/yumu/noveltranslator/service/UserLevelThrottledTranslationClient$1.class
com/yumu/noveltranslator/service/ChapterTaskService.class
com/yumu/noveltranslator/util/JwtUtils.class
com/yumu/noveltranslator/security/SecurityHeadersFilter.class
com/yumu/noveltranslator/util/ExternalResponseUtil$StatusCodeResult.class
com/yumu/noveltranslator/controller/external/ExternalTranslateController.class
com/yumu/noveltranslator/controller/GlobalExceptionHandler.class
com/yumu/noveltranslator/service/EngineAliasRegistry.class
com/yumu/noveltranslator/dto/SelectionTranslationRequest.class
com/yumu/noveltranslator/config/tenant/TenantCleanupInterceptor.class
com/yumu/noveltranslator/util/CacheKeyUtil.class
com/yumu/noveltranslator/entity/TokenBlacklist.class
com/yumu/noveltranslator/service/DocumentService.class
com/yumu/noveltranslator/dto/ExternalTranslateResponse.class
com/yumu/noveltranslator/controller/collab/CollabProjectController.class
com/yumu/noveltranslator/dto/LoginRequest.class
com/yumu/noveltranslator/dto/SubscriptionStatusResponse.class
com/yumu/noveltranslator/dto/DocumentTranslationResponse.class
com/yumu/noveltranslator/event/ChapterSplitEvent.class
com/yumu/noveltranslator/dto/TaskStatusResponse.class
com/yumu/noveltranslator/dto/PageRequest.class
com/yumu/noveltranslator/config/RedisVectorConfig.class
com/yumu/noveltranslator/entity/Glossary.class
com/yumu/noveltranslator/service/DeviceTokenService.class
com/yumu/noveltranslator/NovelTranslatorApplication.class
com/yumu/noveltranslator/dto/ExternalBatchTranslateRequest.class
com/yumu/noveltranslator/dto/PageResponse.class
com/yumu/noveltranslator/config/ChapterSplitExecutorConfig.class
com/yumu/noveltranslator/controller/web/WebUserController.class
com/yumu/noveltranslator/dto/CreateCollabProjectRequest.class
com/yumu/noveltranslator/dto/PortalSessionResponse.class
com/yumu/noveltranslator/dto/ChapterTaskResponse.class
com/yumu/noveltranslator/properties/StripeProperties$PlanPrices.class
com/yumu/noveltranslator/util/EmailVerificationCodeUtil.class
com/yumu/noveltranslator/config/TranslationExecutorConfig.class
com/yumu/noveltranslator/entity/Tenant.class
com/yumu/noveltranslator/entity/UserPlanHistory.class
com/yumu/noveltranslator/enums/TranslationStatus.class
com/yumu/noveltranslator/security/TranslationRateLimitFilter.class
com/yumu/noveltranslator/security/JwtAuthenticationEntryPoint.class
com/yumu/noveltranslator/dto/WebpageTranslateResponse.class
com/yumu/noveltranslator/config/MeteringExecutorConfig.class
com/yumu/noveltranslator/exception/BusinessException.class
com/yumu/noveltranslator/dto/GlossaryResponse.class
com/yumu/noveltranslator/mapper/AiGlossaryMapper.class
com/yumu/noveltranslator/entity/CollabProjectMember.class
com/yumu/noveltranslator/dto/InviteMemberRequest.class
com/yumu/noveltranslator/controller/web/WebVerificationController.class
com/yumu/noveltranslator/dto/WebpageTranslateRequest$TextItem.class
com/yumu/noveltranslator/task/CacheCleanupTask.class
com/yumu/noveltranslator/entity/TranslationMemory.class
com/yumu/noveltranslator/dto/RagTranslationRequest.class
com/yumu/noveltranslator/dto/DocumentInfoResponse.class
com/yumu/noveltranslator/mapper/CollabProjectMemberMapper.class
com/yumu/noveltranslator/task/ApiKeyUsageFlushTask.class
com/yumu/noveltranslator/service/TokenAwareRateLimiter$SlidingWindowCounter.class
com/yumu/noveltranslator/controller/plugin/PluginAuthController.class
com/yumu/noveltranslator/enums/SubscriptionPlan.class
com/yumu/noveltranslator/service/CollabProjectService$TeamProjectCreateResult.class
com/yumu/noveltranslator/service/TranslationCacheService.class
com/yumu/noveltranslator/service/CollabCommentService.class
com/yumu/noveltranslator/properties/TranslationLimitProperties.class
com/yumu/noveltranslator/entity/TranslationHistory.class
com/yumu/noveltranslator/service/ApiKeyCacheService$ApiKeyAuthInfo.class
com/yumu/noveltranslator/dto/WebpageTranslateRequest.class
com/yumu/noveltranslator/mapper/UserMapper.class
com/yumu/noveltranslator/dto/CreateCommentRequest.class
com/yumu/noveltranslator/bootstrap/DataInitializer.class
com/yumu/noveltranslator/security/LoginRateLimiter.class
com/yumu/noveltranslator/security/TranslationIpRateLimiter.class
com/yumu/noveltranslator/dto/TranslationHistoryResponse.class
com/yumu/noveltranslator/entity/CollabComment.class
com/yumu/noveltranslator/mapper/TranslationTaskMapper.class
com/yumu/noveltranslator/task/MonthlyQuotaResetTask.class
com/yumu/noveltranslator/mapper/StripeCustomerMapper.class
com/yumu/noveltranslator/entity/StripeSubscription.class
com/yumu/noveltranslator/service/ApiKeyCacheService.class
com/yumu/noveltranslator/service/RagTranslationService.class
com/yumu/noveltranslator/util/ExternalResponseUtil.class
com/yumu/noveltranslator/controller/plugin/PluginTranslateController.class
com/yumu/noveltranslator/service/TranslationTaskService.class
com/yumu/noveltranslator/enums/TranslationPhase.class
com/yumu/noveltranslator/controller/SubscriptionController.class
com/yumu/noveltranslator/service/TokenBlacklistService.class
com/yumu/noveltranslator/dto/UpdateUserProfileRequest.class
com/yumu/noveltranslator/entity/Document.class
com/yumu/noveltranslator/service/TokenAwareRateLimiter.class
com/yumu/noveltranslator/dto/ChangePasswordRequest.class
com/yumu/noveltranslator/service/ChapterTaskService$3.class
com/yumu/noveltranslator/controller/shared/SharedTranslateController.class
com/yumu/noveltranslator/service/EntityConsistencyService.class
com/yumu/noveltranslator/service/CollabProjectService.class
com/yumu/noveltranslator/mapper/CollabCommentMapper.class
com/yumu/noveltranslator/dto/SendCodeRequest.class
com/yumu/noveltranslator/config/tenant/TenantContext.class
com/yumu/noveltranslator/mapper/GlossaryMapper.class
com/yumu/noveltranslator/service/CollabEventPublisher.class
com/yumu/noveltranslator/dto/TeamTranslateRequest$GlossaryTerm.class
com/yumu/noveltranslator/mapper/QuotaUsageMapper.class
com/yumu/noveltranslator/security/TranslationKeyRateLimiter.class
com/yumu/noveltranslator/dto/PlatformStatsResponse.class
com/yumu/noveltranslator/config/TranslationExecutorConfig$BoundedExecutorService.class
com/yumu/noveltranslator/dto/ReviewChapterRequest.class
com/yumu/noveltranslator/mapper/TenantMapper.class
com/yumu/noveltranslator/controller/collab/CollabMemberController.class
com/yumu/noveltranslator/mapper/CollabInviteCodeMapper.class
com/yumu/noveltranslator/enums/ProjectMemberRole.class
com/yumu/noveltranslator/dto/PaymentVerificationResponse.class
com/yumu/noveltranslator/service/UserLevelThrottledTranslationClient.class
com/yumu/noveltranslator/entity/CollabProject.class
com/yumu/noveltranslator/dto/UserPreferencesResponse.class
com/yumu/noveltranslator/service/state/CollabStateMachine.class
com/yumu/noveltranslator/entity/UserPreference.class
com/yumu/noveltranslator/exception/MTranServerUnavailableException.class
com/yumu/noveltranslator/service/CacheVersionService.class
com/yumu/noveltranslator/util/SseEmitterUtil.class
com/yumu/noveltranslator/service/EmbeddingService.class
com/yumu/noveltranslator/service/state/TranslationStateMachine.class
com/yumu/noveltranslator/entity/CollabInviteCode.class
com/yumu/noveltranslator/mapper/ChapterEntityMapMapper.class
com/yumu/noveltranslator/controller/admin/CacheAdminController.class
com/yumu/noveltranslator/mapper/DocumentMapper.class
com/yumu/noveltranslator/service/ChapterTaskService$2.class
com/yumu/noveltranslator/util/SecurityUtil.class
com/yumu/noveltranslator/entity/CollabChapterTask.class
com/yumu/noveltranslator/dto/SelectionTranslateResponse.class
com/yumu/noveltranslator/mapper/CollabChapterTaskMapper.class
com/yumu/noveltranslator/dto/RagTranslationResponse.class
com/yumu/noveltranslator/dto/UserStatisticsResponse.class
com/yumu/noveltranslator/mapper/UserPlanHistoryMapper.class
com/yumu/noveltranslator/security/JwtAuthenticationFilter.class
com/yumu/noveltranslator/dto/TranslationEvent.class
com/yumu/noveltranslator/dto/RegisterRequest.class
com/yumu/noveltranslator/dto/ProjectMemberResponse.class
com/yumu/noveltranslator/mapper/UserPreferenceMapper.class
com/yumu/noveltranslator/service/EntityConsistencyService$EntityMappingContext.class
com/yumu/noveltranslator/dto/DocumentTranslationRequest.class
com/yumu/noveltranslator/security/aspect/ProjectAccessAspect.class
com/yumu/noveltranslator/dto/ApiKeyResponse.class
com/yumu/noveltranslator/config/TranslationExecutorConfig$ExecutorServiceAdapter.class
com/yumu/noveltranslator/service/ChapterTaskService$1.class
com/yumu/noveltranslator/service/TranslationMemoryService.class
com/yumu/noveltranslator/entity/StripeCustomer.class
com/yumu/noveltranslator/config/CachePubSubConfig.class
com/yumu/noveltranslator/dto/RagTranslationResponse$RagMatch.class
com/yumu/noveltranslator/dto/EntityMapping.class
com/yumu/noveltranslator/config/MyMetaObjectHandler.class
com/yumu/noveltranslator/controller/web/WebApiKeyController.class
