/app/src/main/java/com/yumu/noveltranslator/security/SecurityConfig.java
/app/src/main/java/com/yumu/noveltranslator/enums/CollabProjectStatus.java
/app/src/main/java/com/yumu/noveltranslator/dto/SubscriptionStatusResponse.java
/app/src/main/java/com/yumu/noveltranslator/service/TranslationTaskService.java
/app/src/main/java/com/yumu/noveltranslator/mapper/GlossaryMapper.java
/app/src/main/java/com/yumu/noveltranslator/mapper/TranslationTaskMapper.java
/app/src/main/java/com/yumu/noveltranslator/security/TranslationIpRateLimiter.java
/app/src/main/java/com/yumu/noveltranslator/mapper/StripeSubscriptionMapper.java
/app/src/main/java/com/yumu/noveltranslator/service/ChapterSplitAsyncListener.java
/app/src/main/java/com/yumu/noveltranslator/entity/CollabInviteCode.java
/app/src/main/java/com/yumu/noveltranslator/enums/TranslationPhase.java
/app/src/main/java/com/yumu/noveltranslator/controller/plugin/PluginAuthController.java
/app/src/main/java/com/yumu/noveltranslator/mapper/CollabChapterTaskMapper.java
/app/src/main/java/com/yumu/noveltranslator/mapper/ApiKeyMapper.java
/app/src/main/java/com/yumu/noveltranslator/enums/ProjectMemberRole.java
/app/src/main/java/com/yumu/noveltranslator/task/DraftProjectRecoveryTask.java
/app/src/main/java/com/yumu/noveltranslator/entity/UserPlanHistory.java
/app/src/main/java/com/yumu/noveltranslator/mapper/TenantMapper.java
/app/src/main/java/com/yumu/noveltranslator/service/QuotaService.java
/app/src/main/java/com/yumu/noveltranslator/dto/PortalSessionResponse.java
/app/src/main/java/com/yumu/noveltranslator/properties/TranslationLimitProperties.java
/app/src/main/java/com/yumu/noveltranslator/controller/web/WebUserController.java
/app/src/main/java/com/yumu/noveltranslator/dto/SelectionTranslateResponse.java
/app/src/main/java/com/yumu/noveltranslator/dto/CheckoutSessionRequest.java
/app/src/main/java/com/yumu/noveltranslator/mapper/UserPlanHistoryMapper.java
/app/src/main/java/com/yumu/noveltranslator/config/TranslationExecutorConfig.java
/app/src/main/java/com/yumu/noveltranslator/service/CollabCommentService.java
/app/src/main/java/com/yumu/noveltranslator/dto/WebpageTranslateRequest.java
/app/src/main/java/com/yumu/noveltranslator/dto/CheckoutSessionResponse.java
/app/src/main/java/com/yumu/noveltranslator/controller/web/WebDocumentController.java
/app/src/main/java/com/yumu/noveltranslator/dto/CommentResponse.java
/app/src/main/java/com/yumu/noveltranslator/NovelTranslatorApplication.java
/app/src/main/java/com/yumu/noveltranslator/service/TranslationPostProcessingService.java
/app/src/main/java/com/yumu/noveltranslator/security/SecurityHeadersFilter.java
/app/src/main/java/com/yumu/noveltranslator/entity/QuotaUsage.java
/app/src/main/java/com/yumu/noveltranslator/dto/DocumentInfoResponse.java
/app/src/main/java/com/yumu/noveltranslator/entity/Glossary.java
/app/src/main/java/com/yumu/noveltranslator/service/DocumentService.java
/app/src/main/java/com/yumu/noveltranslator/service/TokenBlacklistService.java
/app/src/main/java/com/yumu/noveltranslator/dto/ChangePasswordRequest.java
/app/src/main/java/com/yumu/noveltranslator/config/ChapterSplitExecutorConfig.java
/app/src/main/java/com/yumu/noveltranslator/util/SecurityUtil.java
/app/src/main/java/com/yumu/noveltranslator/dto/UserStatisticsResponse.java
/app/src/main/java/com/yumu/noveltranslator/controller/web/WebVerificationController.java
/app/src/main/java/com/yumu/noveltranslator/service/state/CollabStateMachine.java
/app/src/main/java/com/yumu/noveltranslator/mapper/TranslationCacheMapper.java
/app/src/main/java/com/yumu/noveltranslator/dto/ApiKeyResponse.java
/app/src/main/java/com/yumu/noveltranslator/security/TranslationRateLimitFilter.java
/app/src/main/java/com/yumu/noveltranslator/dto/ChapterTaskResponse.java
/app/src/main/java/com/yumu/noveltranslator/controller/plugin/PluginTranslateController.java
/app/src/main/java/com/yumu/noveltranslator/security/JwtAuthenticationEntryPoint.java
/app/src/main/java/com/yumu/noveltranslator/dto/TranslationHistoryResponse.java
/app/src/main/java/com/yumu/noveltranslator/config/RedisConfig.java
/app/src/main/java/com/yumu/noveltranslator/dto/RagTranslationResponse.java
/app/src/main/java/com/yumu/noveltranslator/task/CacheCleanupTask.java
/app/src/main/java/com/yumu/noveltranslator/entity/StripeSubscription.java
/app/src/main/java/com/yumu/noveltranslator/controller/collab/CollabProjectController.java
/app/src/main/java/com/yumu/noveltranslator/service/SubscriptionService.java
/app/src/main/java/com/yumu/noveltranslator/dto/UserPreferencesRequest.java
/app/src/main/java/com/yumu/noveltranslator/dto/RegisterRequest.java
/app/src/main/java/com/yumu/noveltranslator/mapper/CollabInviteCodeMapper.java
/app/src/main/java/com/yumu/noveltranslator/service/UserService.java
/app/src/main/java/com/yumu/noveltranslator/service/pipeline/TranslationPipeline.java
/app/src/main/java/com/yumu/noveltranslator/dto/Result.java
/app/src/main/java/com/yumu/noveltranslator/mapper/QuotaUsageMapper.java
/app/src/main/java/com/yumu/noveltranslator/dto/TeamTranslateResponse.java
/app/src/main/java/com/yumu/noveltranslator/mapper/AiGlossaryMapper.java
/app/src/main/java/com/yumu/noveltranslator/entity/AiGlossary.java
/app/src/main/java/com/yumu/noveltranslator/service/EmbeddingService.java
/app/src/main/java/com/yumu/noveltranslator/enums/ChapterTaskStatus.java
/app/src/main/java/com/yumu/noveltranslator/service/TeamTranslationService.java
/app/src/main/java/com/yumu/noveltranslator/dto/TaskStatusResponse.java
/app/src/main/java/com/yumu/noveltranslator/controller/web/WebPlatformController.java
/app/src/main/java/com/yumu/noveltranslator/service/DocumentEntityCache.java
/app/src/main/java/com/yumu/noveltranslator/dto/PageRequest.java
/app/src/main/java/com/yumu/noveltranslator/controller/shared/SharedTranslateController.java
/app/src/main/java/com/yumu/noveltranslator/dto/DocumentTranslationRequest.java
/app/src/main/java/com/yumu/noveltranslator/exception/MTranServerUnavailableException.java
/app/src/main/java/com/yumu/noveltranslator/task/MonthlyQuotaResetTask.java
/app/src/main/java/com/yumu/noveltranslator/dto/UserPreferencesResponse.java
/app/src/main/java/com/yumu/noveltranslator/config/StripeConfig.java
/app/src/main/java/com/yumu/noveltranslator/service/CollabEventPublisher.java
/app/src/main/java/com/yumu/noveltranslator/entity/TranslationCache.java
/app/src/main/java/com/yumu/noveltranslator/config/RedisVectorConfig.java
/app/src/main/java/com/yumu/noveltranslator/dto/WebpageTranslateResponse.java
/app/src/main/java/com/yumu/noveltranslator/mapper/CollabProjectMapper.java
/app/src/main/java/com/yumu/noveltranslator/service/CacheVersionService.java
/app/src/main/java/com/yumu/noveltranslator/dto/TranslationResultResponse.java
/app/src/main/java/com/yumu/noveltranslator/entity/User.java
/app/src/main/java/com/yumu/noveltranslator/dto/EntityExtractionResponse.java
/app/src/main/java/com/yumu/noveltranslator/security/TranslationKeyRateLimiter.java
/app/src/main/java/com/yumu/noveltranslator/dto/ExternalBatchTranslateRequest.java
/app/src/main/java/com/yumu/noveltranslator/mapper/StripeCustomerMapper.java
/app/src/main/java/com/yumu/noveltranslator/config/CachePubSubConfig.java
/app/src/main/java/com/yumu/noveltranslator/security/annotation/RequireProjectAccess.java
/app/src/main/java/com/yumu/noveltranslator/dto/RagTranslationRequest.java
/app/src/main/java/com/yumu/noveltranslator/config/tenant/TenantCleanupInterceptor.java
/app/src/main/java/com/yumu/noveltranslator/dto/TeamTranslateRequest.java
/app/src/main/java/com/yumu/noveltranslator/dto/EntityMapping.java
/app/src/main/java/com/yumu/noveltranslator/mapper/DocumentMapper.java
/app/src/main/java/com/yumu/noveltranslator/entity/StripeCustomer.java
/app/src/main/java/com/yumu/noveltranslator/bootstrap/DataInitializer.java
/app/src/main/java/com/yumu/noveltranslator/controller/collab/CollabCommentController.java
/app/src/main/java/com/yumu/noveltranslator/security/SecurityPermitAllPaths.java
/app/src/main/java/com/yumu/noveltranslator/properties/StripeProperties.java
/app/src/main/java/com/yumu/noveltranslator/entity/CollabProject.java
/app/src/main/java/com/yumu/noveltranslator/dto/CreateCommentRequest.java
/app/src/main/java/com/yumu/noveltranslator/controller/GlobalExceptionHandler.java
/app/src/main/java/com/yumu/noveltranslator/config/MybatisPlusConfig.java
/app/src/main/java/com/yumu/noveltranslator/entity/TranslationHistory.java
/app/src/main/java/com/yumu/noveltranslator/service/CollabProjectService.java
/app/src/main/java/com/yumu/noveltranslator/service/ApiKeyCacheService.java
/app/src/main/java/com/yumu/noveltranslator/dto/UserQuotaResponse.java
/app/src/main/java/com/yumu/noveltranslator/dto/SelectionTranslationRequest.java
/app/src/main/java/com/yumu/noveltranslator/event/ChapterSplitEvent.java
/app/src/main/java/com/yumu/noveltranslator/entity/UserPreference.java
/app/src/main/java/com/yumu/noveltranslator/service/UserLevelThrottledTranslationClient.java
/app/src/main/java/com/yumu/noveltranslator/entity/CollabComment.java
/app/src/main/java/com/yumu/noveltranslator/controller/admin/CacheAdminController.java
/app/src/main/java/com/yumu/noveltranslator/service/ChapterTaskService.java
/app/src/main/java/com/yumu/noveltranslator/mapper/UserMapper.java
/app/src/main/java/com/yumu/noveltranslator/util/ExternalResponseUtil.java
/app/src/main/java/com/yumu/noveltranslator/util/EmailVerificationCodeUtil.java
/app/src/main/java/com/yumu/noveltranslator/entity/Tenant.java
/app/src/main/java/com/yumu/noveltranslator/dto/ConsistencyTranslationResult.java
/app/src/main/java/com/yumu/noveltranslator/dto/ResetPasswordRequest.java
/app/src/main/java/com/yumu/noveltranslator/mapper/TranslationHistoryMapper.java
/app/src/main/java/com/yumu/noveltranslator/dto/CollabProjectResponse.java
/app/src/main/java/com/yumu/noveltranslator/dto/SendCodeRequest.java
/app/src/main/java/com/yumu/noveltranslator/security/CustomUserDetails.java
/app/src/main/java/com/yumu/noveltranslator/service/MultiAgentTranslationService.java
/app/src/main/java/com/yumu/noveltranslator/service/AiGlossaryService.java
/app/src/main/java/com/yumu/noveltranslator/controller/SubscriptionController.java
/app/src/main/java/com/yumu/noveltranslator/dto/CreateApiKeyRequest.java
/app/src/main/java/com/yumu/noveltranslator/enums/ErrorCodeEnum.java
/app/src/main/java/com/yumu/noveltranslator/entity/TranslationMemory.java
/app/src/main/java/com/yumu/noveltranslator/mapper/CollabProjectMemberMapper.java
/app/src/main/java/com/yumu/noveltranslator/config/tenant/TenantContext.java
/app/src/main/java/com/yumu/noveltranslator/mapper/CollabCommentMapper.java
/app/src/main/java/com/yumu/noveltranslator/controller/StripeWebhookController.java
/app/src/main/java/com/yumu/noveltranslator/entity/TokenBlacklist.java
/app/src/main/java/com/yumu/noveltranslator/dto/ReaderTranslateRequest.java
/app/src/main/java/com/yumu/noveltranslator/mapper/TokenBlacklistMapper.java
/app/src/main/java/com/yumu/noveltranslator/dto/ReaderTranslateResponse.java
/app/src/main/java/com/yumu/noveltranslator/dto/SubmitChapterRequest.java
/app/src/main/java/com/yumu/noveltranslator/security/aspect/ProjectAccessAspect.java
/app/src/main/java/com/yumu/noveltranslator/entity/CollabProjectMember.java
/app/src/main/java/com/yumu/noveltranslator/dto/EntityTranslationResponse.java
/app/src/main/java/com/yumu/noveltranslator/config/MyMetaObjectHandler.java
/app/src/main/java/com/yumu/noveltranslator/util/SseEmitterUtil.java
/app/src/main/java/com/yumu/noveltranslator/service/TranslationService.java
/app/src/main/java/com/yumu/noveltranslator/service/DeviceTokenService.java
/app/src/main/java/com/yumu/noveltranslator/service/TranslationMemoryService.java
/app/src/main/java/com/yumu/noveltranslator/dto/ExternalTranslateRequest.java
/app/src/main/java/com/yumu/noveltranslator/controller/web/WebApiKeyController.java
/app/src/main/java/com/yumu/noveltranslator/dto/ProjectMemberResponse.java
/app/src/main/java/com/yumu/noveltranslator/enums/SubscriptionPlan.java
/app/src/main/java/com/yumu/noveltranslator/util/TextCleaningUtil.java
/app/src/main/java/com/yumu/noveltranslator/controller/external/ExternalTranslateController.java
/app/src/main/java/com/yumu/noveltranslator/security/LoginRateLimiter.java
/app/src/main/java/com/yumu/noveltranslator/dto/EntityExtractionRequest.java
/app/src/main/java/com/yumu/noveltranslator/dto/DocumentTranslationResponse.java
/app/src/main/java/com/yumu/noveltranslator/enums/TranslationMode.java
/app/src/main/java/com/yumu/noveltranslator/controller/web/WebHomeController.java
/app/src/main/java/com/yumu/noveltranslator/enums/BillingCycle.java
/app/src/main/java/com/yumu/noveltranslator/dto/PageResponse.java
/app/src/main/java/com/yumu/noveltranslator/config/MeteringExecutorConfig.java
/app/src/main/java/com/yumu/noveltranslator/dto/CreateCollabProjectRequest.java
/app/src/main/java/com/yumu/noveltranslator/dto/LoginRequest.java
/app/src/main/java/com/yumu/noveltranslator/util/CacheKeyUtil.java
/app/src/main/java/com/yumu/noveltranslator/dto/RefreshTokenRequest.java
/app/src/main/java/com/yumu/noveltranslator/util/JwtUtils.java
/app/src/main/java/com/yumu/noveltranslator/dto/InviteMemberRequest.java
/app/src/main/java/com/yumu/noveltranslator/entity/TranslationTask.java
/app/src/main/java/com/yumu/noveltranslator/entity/ChapterEntityMap.java
/app/src/main/java/com/yumu/noveltranslator/dto/UpdateUserProfileRequest.java
/app/src/main/java/com/yumu/noveltranslator/service/EngineAliasRegistry.java
/app/src/main/java/com/yumu/noveltranslator/dto/ReviewChapterRequest.java
/app/src/main/java/com/yumu/noveltranslator/entity/ApiKey.java
/app/src/main/java/com/yumu/noveltranslator/util/TextSegmentationUtil.java
/app/src/main/java/com/yumu/noveltranslator/dto/PlatformStatsResponse.java
/app/src/main/java/com/yumu/noveltranslator/event/CacheInvalidationEvent.java
/app/src/main/java/com/yumu/noveltranslator/controller/collab/ChapterTaskController.java
/app/src/main/java/com/yumu/noveltranslator/security/JwtAuthenticationFilter.java
/app/src/main/java/com/yumu/noveltranslator/exception/BusinessException.java
/app/src/main/java/com/yumu/noveltranslator/service/TranslationCacheService.java
/app/src/main/java/com/yumu/noveltranslator/mapper/UserPreferenceMapper.java
/app/src/main/java/com/yumu/noveltranslator/dto/GlossaryResponse.java
/app/src/main/java/com/yumu/noveltranslator/service/AuthService.java
/app/src/main/java/com/yumu/noveltranslator/mapper/ChapterEntityMapMapper.java
/app/src/main/java/com/yumu/noveltranslator/controller/web/WebGlossaryController.java
/app/src/main/java/com/yumu/noveltranslator/service/EntityConsistencyService.java
/app/src/main/java/com/yumu/noveltranslator/config/tenant/NovelTranslatorTenantLineHandler.java
/app/src/main/java/com/yumu/noveltranslator/dto/ExternalTranslateResponse.java
/app/src/main/java/com/yumu/noveltranslator/util/PasswordUtil.java
/app/src/main/java/com/yumu/noveltranslator/dto/GlossaryItemRequest.java
/app/src/main/java/com/yumu/noveltranslator/entity/Document.java
/app/src/main/java/com/yumu/noveltranslator/service/state/TranslationStateMachine.java
/app/src/main/java/com/yumu/noveltranslator/enums/TranslationStatus.java
/app/src/main/java/com/yumu/noveltranslator/dto/TranslationEvent.java
/app/src/main/java/com/yumu/noveltranslator/dto/PaymentVerificationResponse.java
/app/src/main/java/com/yumu/noveltranslator/security/ApiKeyAuthenticationFilter.java
/app/src/main/java/com/yumu/noveltranslator/task/ApiKeyUsageFlushTask.java
/app/src/main/java/com/yumu/noveltranslator/dto/AssignChapterRequest.java
/app/src/main/java/com/yumu/noveltranslator/service/ExternalTranslationService.java
/app/src/main/java/com/yumu/noveltranslator/entity/CollabChapterTask.java
/app/src/main/java/com/yumu/noveltranslator/mapper/TranslationMemoryMapper.java
/app/src/main/java/com/yumu/noveltranslator/service/TokenAwareRateLimiter.java
/app/src/main/java/com/yumu/noveltranslator/controller/collab/CollabMemberController.java
/app/src/main/java/com/yumu/noveltranslator/service/RagTranslationService.java
